2026-06-23 13:25:18,290 - INFO - Pipeline started
2026-06-23 13:28:32,296 - ERROR - name 'load_listings' is not defined
2026-06-23 13:30:42,907 - INFO - Pipeline started
2026-06-23 13:31:20,560 - INFO - Data loaded successfully
2026-06-23 13:42:13,340 - INFO - Pipeline started
2026-06-23 13:42:50,733 - INFO - Data loaded successfully
2026-06-23 13:43:05,370 - INFO - New calendar records: 0
2026-06-23 13:43:05,373 - INFO - Pipeline completed successfully
2026-06-23 13:44:10,895 - INFO - Pipeline started
2026-06-23 13:44:45,118 - INFO - Data loaded successfully
2026-06-23 13:45:02,331 - INFO - New calendar records: 8142336
2026-06-23 13:45:02,333 - INFO - Pipeline completed successfully
2026-06-23 21:19:34,378 - INFO - Pipeline started
2026-06-23 21:20:09,486 - INFO - Data loaded successfully
2026-06-23 21:20:39,960 - ERROR - Pipeline failed: Unable to allocate 270. MiB for an array with shape (35357974,) and data type object
2026-06-23 21:22:58,458 - INFO - Pipeline started
2026-06-23 21:23:40,290 - INFO - Data loaded successfully
2026-06-23 21:23:55,290 - INFO - New calendar records: 8142336
2026-06-23 21:23:55,293 - INFO - Pipeline completed successfully
2026-06-23 21:25:20,542 - INFO - Pipeline started
2026-06-23 21:26:16,133 - INFO - Data loaded successfully
2026-06-23 21:26:31,228 - INFO - New calendar records: 8142336
2026-06-23 21:26:31,230 - INFO - Pipeline completed successfully
